// Jest Snapshot v1, https://goo.gl/fbAQLP

exports[`SmokeText test component should render correctly 1`] = `
<DocumentFragment>
  <span />
</DocumentFragment>
`;
